1
2
3
4
5
6
7
8
valuefoo
valuebar
valueadded
keyfoo
valuefoo
keybar
valuebar
keyadded
valueadded
