hello
123
123 456
hello world
hello 123
hello 123 456
