0
1
0
7
10
100
1234567890
-1
-7
-10
-100
-1234567890
