package
26
----------
keyword:package
ident:main
punct:;
keyword:func
ident:f1
punct:(
punct:)
punct:{
ident:println
punct:(
string:0
punct:)
punct:;
punct:}
punct:;
keyword:func
ident:main
punct:(
punct:)
punct:{
ident:f1
punct:(
punct:)
punct:;
punct:}
punct:;
----------
[abc\n]
