hello debug with vaargs
-
2
hello
123
-
2
hello
123
-
2
hello
123
